     1                                  ;===============================================================================
     2                                  ; > get_string
     3                                  ;===============================================================================
     4                                  
     5                                              global  get_string
     6                                  
     7                                              section .text
     8                                  
     9                                  ;###############################################################################
    10                                  ;# Get string from stdin to buffer
    11                                  ;# ENTRY: RSI <- arrd of buffer
    12                                  ;# EXIT:  @
    13                                  ;# DESTR: RAX RDI RDX 
    14                                  ;###############################################################################
    15                                  
    16                                  get_string:
    17 00000000 4831FF                              xor     rdi, rdi                    ; file desctiptor = STDIN = 0
    18 00000003 BA00040000                          mov     rdx, 1024
    19 00000008 4831C0                              xor     rax, rax                    ; 0 syscall - read from STDIN
    20 0000000B 0F05                                syscall                             ; make syscall
    21                                  
    22 0000000D C3                                  ret                                 ; return 
    23                                  
    24                                  ;###############################################################################
    25                                  
