     1                                  ;===============================================================================
     2                                  ; > test_get
     3                                  ;===============================================================================
     4                                  
     5                                              global  _start
     6                                              extern  check_password
     7                                  
     8                                              section .text
     9                                  
    10                                  ;###############################################################################
    11                                  
    12                                  _start:
    13 00000000 E8(00000000)                        call    check_password
    14                                  
    15 00000005 BF01000000                          mov     rdi, 1
    16 0000000A BA03000000                          mov     rdx, 3
    17 0000000F B801000000                          mov     rax, 1
    18 00000014 48BE-                               mov     rsi, Msg
    18 00000016 [0000000000000000] 
    19 0000001E 0F05                                syscall
    20                                  
    21 00000020 B83C000000                          mov     rax, 60
    22 00000025 4831FF                              xor     rdi, rdi
    23 00000028 0F05                                syscall
    24                                  
    25                                  ;-------------------------------------------------------------------------------
    26                                  
    27                                              section .data
    28                                  
    29 00000000 4F4B0A                  Msg:        db "OK", 10
    30                                  
    31                                  ;###############################################################################
    32                                  
