Turbo Assembler	 Version 4.1	    02/13/20 09:25:08	    Page 1
02_vrams.asm



      1	0000			     .model tiny
      2	0000			     .code
      3
      4				     org 100h
      5
      6	0100  B8 B800		     Start:	     mov ax, 0b800h
      7	0103  8E C0				     mov es, ax
      8
      9	0105  BB 0124r				     mov bx, offset MyString
     10	0108  B9 05DC				     mov cx, (80d * 9d + 30d) *	2d
     11
     12	010B  80 3F 00		     PrintString:    cmp byte ptr [bx],	0d
     13	010E  74 13				     je	Printed
     14
     15	0110  8A 17				     mov dl, [bx]
     16	0112  B6 14				     mov dh, 14h
     17
     18	0114  43				     inc bx
     19	0115  53				     push bx
     20
     21	0116  8B D9				     mov bx, cx
     22
     23	0118  26: 89 17				     mov es:[bx], dx
     24
     25	011B  83 C3 02				     add bx, 2
     26	011E  8B CB				     mov cx, bx
     27
     28	0120  5B				     pop bx
     29
     30	0121  EB E8				     jmp PrintString
     31
     32	0123  C3		     Printed:	     ret
     33
     34	0124  49 6D 20 68 61 63	6B+  MyString:	     db	'Im hacker!', 0
     35	      65 72 21 00
     36
     37				     end	     Start
Turbo Assembler	 Version 4.1	    02/13/20 09:25:08	    Page 2
Symbol Table




Symbol Name			  Type	 Value

??DATE				  Text	 "02/13/20"
??FILENAME			  Text	 "02_vrams"
??TIME				  Text	 "09:25:08"
??VERSION			  Number 040A
@32BIT				  Text	 0
@CODE				  Text	 DGROUP
@CODESIZE			  Text	 0
@CPU				  Text	 0101H
@CURSEG				  Text	 _TEXT
@DATA				  Text	 DGROUP
@DATASIZE			  Text	 0
@FILENAME			  Text	 02_VRAMS
@INTERFACE			  Text	 000H
@MODEL				  Text	 1
@STACK				  Text	 DGROUP
@WORDSIZE			  Text	 2
MYSTRING			  Near	 DGROUP:0124
PRINTED				  Near	 DGROUP:0123
PRINTSTRING			  Near	 DGROUP:010B
START				  Near	 DGROUP:0100

Groups & Segments		  Bit Size Align  Combine Class

DGROUP				  Group
  _DATA				  16  0000 Word	  Public  DATA
  _TEXT				  16  012F Word	  Public  CODE
