Turbo Assembler	 Version 4.1	    02/25/20 16:47:07	    Page 1
end.asm



      1
      2				     locals @@
      3
      4				     .186
      5	0000			     .model tiny
      6
      7	0000			     .code
      8
      9				     public CodeEnd
     10
     11	0000			     CodeEnd:
     12				     end
Turbo Assembler	 Version 4.1	    02/25/20 16:47:07	    Page 2
Symbol Table




Symbol Name			  Type	 Value

??DATE				  Text	 "02/25/20"
??FILENAME			  Text	 "end	  "
??TIME				  Text	 "16:47:07"
??VERSION			  Number 040A
@32BIT				  Text	 0
@CODE				  Text	 DGROUP
@CODESIZE			  Text	 0
@CPU				  Text	 0103H
@CURSEG				  Text	 _TEXT
@DATA				  Text	 DGROUP
@DATASIZE			  Text	 0
@FILENAME			  Text	 END
@INTERFACE			  Text	 000H
@MODEL				  Text	 1
@STACK				  Text	 DGROUP
@WORDSIZE			  Text	 2
CODEEND				  Near	 DGROUP:0000

Groups & Segments		  Bit Size Align  Combine Class

DGROUP				  Group
  _DATA				  16  0000 Word	  Public  DATA
  _TEXT				  16  0000 Word	  Public  CODE
