     1                                  ;;=========================================================================
     2                                  ;; test_put_b.asm                                       Shishqa, MIPT 2020
     3                                  ;;=========================================================================
     4                                  
     5                                              default rel
     6                                  
     7                                              global  _start
     8                                              extern  _put_b
     9                                              extern  _flush_buffer
    10                                  
    11                                              section .text
    12                                  
    13                                  ;;=========================================================================
    14                                  
    15                                  _start:
    16 00000000 BE66000000                          mov     esi, 102
    17 00000005 E8(00000000)                        call    _put_b
    18                                  
    19 0000000A E8(00000000)                        call    _flush_buffer
    20                                  
    21 0000000F B83C000000                          mov     rax, 60
    22 00000014 4831FF                              xor     rdi, rdi
    23 00000017 0F05                                syscall
    24                                  
    25                                  ;;=========================================================================
    26                                  
