     1                                  ;;=========================================================================
     2                                  ;; test_put_d.asm                                       Shishqa, MIPT 2020
     3                                  ;;=========================================================================
     4                                  
     5                                              default rel
     6                                  
     7                                              global  _start
     8                                              extern  _put_d
     9                                              extern  _flush_buffer
    10                                  
    11                                              section .text
    12                                  
    13                                  ;;=========================================================================
    14                                  
    15                                  _start:
    16 00000000 BE2EFBFFFF                          mov     esi, -1234
    17 00000005 E8(00000000)                        call    _put_d
    18                                  
    19 0000000A BE08000000                          mov     esi, 8
    20 0000000F E8(00000000)                        call    _put_d
    21                                  
    22 00000014 E8(00000000)                        call    _flush_buffer
    23                                  
    24 00000019 B83C000000                          mov     rax, 60
    25 0000001E 4831FF                              xor     rdi, rdi
    26 00000021 0F05                                syscall
    27                                  
    28                                  ;;=========================================================================
    29                                  
