     1                                  ;;=========================================================================
     2                                  ;; test_put_s.asm                                       Shishqa, MIPT 2020
     3                                  ;;=========================================================================
     4                                  
     5                                              default rel
     6                                  
     7                                              global  _start
     8                                              extern  _put_s
     9                                              extern  _flush_buffer
    10                                  
    11                                              section .text
    12                                  
    13                                  ;;=========================================================================
    14                                  
    15                                  _start:
    16 00000000 48BE-                               mov     rsi, Msg
    16 00000002 [0000000000000000] 
    17 0000000A E8(00000000)                        call    _put_s
    18                                  
    19 0000000F E8(00000000)                        call    _flush_buffer
    20                                  
    21 00000014 B83C000000                          mov     rax, 60
    22 00000019 4831FF                              xor     rdi, rdi
    23 0000001C 0F05                                syscall
    24                                  
    25                                  ;;-------------------------------------------------------------------------
    26                                  
    27                                              section .data
    28                                  
    29 00000000 48656C6C6F2C20776F-     Msg:        db      "Hello, world!", 10, 0
    29 00000009 726C64210A00       
    30                                  
    31                                  ;;=========================================================================
    32                                  
    33                                  
